  Determinando los proyectos que se van a restaurar...
  Se ha restaurado C:\Users\LENOVO\OneDrive\Documentos\Universidad Tamaulipeca\8ISC\Sistema Almacen\Sistema Almacen.csproj (en 640 ms).
C:\Users\LENOVO\OneDrive\Documentos\Universidad Tamaulipeca\8ISC\Sistema Almacen\Controllers\AccesoController.cs(32,17): warning CS8602: Desreferencia de una referencia posiblemente NULL. [C:\Users\LENOVO\OneDrive\Documentos\Universidad Tamaulipeca\8ISC\Sistema Almacen\Sistema Almacen.csproj]
C:\Users\LENOVO\OneDrive\Documentos\Universidad Tamaulipeca\8ISC\Sistema Almacen\Models\Usuario.cs(21,23): warning CS8618: El elemento propiedad "NombreUsuario" que no acepta valores NULL debe contener un valor distinto de NULL al salir del constructor. Considere la posibilidad de agregar el modificador "required'"o declarar el propiedad como un valor que acepta valores NULL. [C:\Users\LENOVO\OneDrive\Documentos\Universidad Tamaulipeca\8ISC\Sistema Almacen\Sistema Almacen.csproj]
C:\Users\LENOVO\OneDrive\Documentos\Universidad Tamaulipeca\8ISC\Sistema Almacen\Models\Usuario.cs(29,23): warning CS8618: El elemento propiedad "Password" que no acepta valores NULL debe contener un valor distinto de NULL al salir del constructor. Considere la posibilidad de agregar el modificador "required'"o declarar el propiedad como un valor que acepta valores NULL. [C:\Users\LENOVO\OneDrive\Documentos\Universidad Tamaulipeca\8ISC\Sistema Almacen\Sistema Almacen.csproj]
C:\Users\LENOVO\OneDrive\Documentos\Universidad Tamaulipeca\8ISC\Sistema Almacen\Models\Usuario.cs(36,23): warning CS8618: El elemento propiedad "Rol" que no acepta valores NULL debe contener un valor distinto de NULL al salir del constructor. Considere la posibilidad de agregar el modificador "required'"o declarar el propiedad como un valor que acepta valores NULL. [C:\Users\LENOVO\OneDrive\Documentos\Universidad Tamaulipeca\8ISC\Sistema Almacen\Sistema Almacen.csproj]
C:\Users\LENOVO\OneDrive\Documentos\Universidad Tamaulipeca\8ISC\Sistema Almacen\Models\Sucursal.cs(12,23): warning CS8618: El elemento propiedad "Nombre" que no acepta valores NULL debe contener un valor distinto de NULL al salir del constructor. Considere la posibilidad de agregar el modificador "required'"o declarar el propiedad como un valor que acepta valores NULL. [C:\Users\LENOVO\OneDrive\Documentos\Universidad Tamaulipeca\8ISC\Sistema Almacen\Sistema Almacen.csproj]
C:\Users\LENOVO\OneDrive\Documentos\Universidad Tamaulipeca\8ISC\Sistema Almacen\Models\DetalleVenta.cs(25,30): warning CS8618: El elemento propiedad "Venta" que no acepta valores NULL debe contener un valor distinto de NULL al salir del constructor. Considere la posibilidad de agregar el modificador "required'"o declarar el propiedad como un valor que acepta valores NULL. [C:\Users\LENOVO\OneDrive\Documentos\Universidad Tamaulipeca\8ISC\Sistema Almacen\Sistema Almacen.csproj]
C:\Users\LENOVO\OneDrive\Documentos\Universidad Tamaulipeca\8ISC\Sistema Almacen\Models\DetalleVenta.cs(28,33): warning CS8618: El elemento propiedad "Producto" que no acepta valores NULL debe contener un valor distinto de NULL al salir del constructor. Considere la posibilidad de agregar el modificador "required'"o declarar el propiedad como un valor que acepta valores NULL. [C:\Users\LENOVO\OneDrive\Documentos\Universidad Tamaulipeca\8ISC\Sistema Almacen\Sistema Almacen.csproj]
  Sistema Almacen -> C:\Users\LENOVO\OneDrive\Documentos\Universidad Tamaulipeca\8ISC\Sistema Almacen\bin\Debug\net8.0\Sistema Almacen.dll

Compilaci├│n correcta.

C:\Users\LENOVO\OneDrive\Documentos\Universidad Tamaulipeca\8ISC\Sistema Almacen\Controllers\AccesoController.cs(32,17): warning CS8602: Desreferencia de una referencia posiblemente NULL. [C:\Users\LENOVO\OneDrive\Documentos\Universidad Tamaulipeca\8ISC\Sistema Almacen\Sistema Almacen.csproj]
C:\Users\LENOVO\OneDrive\Documentos\Universidad Tamaulipeca\8ISC\Sistema Almacen\Models\Usuario.cs(21,23): warning CS8618: El elemento propiedad "NombreUsuario" que no acepta valores NULL debe contener un valor distinto de NULL al salir del constructor. Considere la posibilidad de agregar el modificador "required'"o declarar el propiedad como un valor que acepta valores NULL. [C:\Users\LENOVO\OneDrive\Documentos\Universidad Tamaulipeca\8ISC\Sistema Almacen\Sistema Almacen.csproj]
C:\Users\LENOVO\OneDrive\Documentos\Universidad Tamaulipeca\8ISC\Sistema Almacen\Models\Usuario.cs(29,23): warning CS8618: El elemento propiedad "Password" que no acepta valores NULL debe contener un valor distinto de NULL al salir del constructor. Considere la posibilidad de agregar el modificador "required'"o declarar el propiedad como un valor que acepta valores NULL. [C:\Users\LENOVO\OneDrive\Documentos\Universidad Tamaulipeca\8ISC\Sistema Almacen\Sistema Almacen.csproj]
C:\Users\LENOVO\OneDrive\Documentos\Universidad Tamaulipeca\8ISC\Sistema Almacen\Models\Usuario.cs(36,23): warning CS8618: El elemento propiedad "Rol" que no acepta valores NULL debe contener un valor distinto de NULL al salir del constructor. Considere la posibilidad de agregar el modificador "required'"o declarar el propiedad como un valor que acepta valores NULL. [C:\Users\LENOVO\OneDrive\Documentos\Universidad Tamaulipeca\8ISC\Sistema Almacen\Sistema Almacen.csproj]
C:\Users\LENOVO\OneDrive\Documentos\Universidad Tamaulipeca\8ISC\Sistema Almacen\Models\Sucursal.cs(12,23): warning CS8618: El elemento propiedad "Nombre" que no acepta valores NULL debe contener un valor distinto de NULL al salir del constructor. Considere la posibilidad de agregar el modificador "required'"o declarar el propiedad como un valor que acepta valores NULL. [C:\Users\LENOVO\OneDrive\Documentos\Universidad Tamaulipeca\8ISC\Sistema Almacen\Sistema Almacen.csproj]
C:\Users\LENOVO\OneDrive\Documentos\Universidad Tamaulipeca\8ISC\Sistema Almacen\Models\DetalleVenta.cs(25,30): warning CS8618: El elemento propiedad "Venta" que no acepta valores NULL debe contener un valor distinto de NULL al salir del constructor. Considere la posibilidad de agregar el modificador "required'"o declarar el propiedad como un valor que acepta valores NULL. [C:\Users\LENOVO\OneDrive\Documentos\Universidad Tamaulipeca\8ISC\Sistema Almacen\Sistema Almacen.csproj]
C:\Users\LENOVO\OneDrive\Documentos\Universidad Tamaulipeca\8ISC\Sistema Almacen\Models\DetalleVenta.cs(28,33): warning CS8618: El elemento propiedad "Producto" que no acepta valores NULL debe contener un valor distinto de NULL al salir del constructor. Considere la posibilidad de agregar el modificador "required'"o declarar el propiedad como un valor que acepta valores NULL. [C:\Users\LENOVO\OneDrive\Documentos\Universidad Tamaulipeca\8ISC\Sistema Almacen\Sistema Almacen.csproj]
    7 Advertencia(s)
    0 Errores

Tiempo transcurrido 00:00:20.08
